// Jest Snapshot v1, https://goo.gl/fbAQLP

exports[`CardList component CardList component exists 1`] = `
"<div>
  <Card id={1} name=\\"John Snow\\" username=\\"johnjohn\\" email=\\"john@email.com\\" />
</div>"
`;
