// Jest Snapshot v1, https://goo.gl/fbAQLP

exports[`renders the app 1`] = `
"<div className=\\"tc\\">
  <Header />
  <SearchBox onSearchChange={[Function: mockConstructor]} />
  <Scroll>
    <ErrorBoundary>
      <CardList robots={{...}} />
    </ErrorBoundary>
  </Scroll>
</div>"
`;
